// Jest Snapshot v1, https://goo.gl/fbAQLP

exports[`testing country snapshot 1`] = `
Array [
  <div>
    <div
      className="header-contaier"
    >
      <div
        className="home-return"
      >
        <a
          className="links"
          href="/"
          onClick={[Function]}
        >
          <img
            alt="arrow"
            className="arrow-icon icons"
            src="arrowLeft.png"
          />
          <span
            className="year2022"
          >
            2022
          </span>
        </a>
      </div>
      <div
        className="right-header"
      >
        <span
          className="microphone"
        >
          <img
            alt="microphone"
            className="icons"
            src="microphone.png"
          />
        </span>
        <span
          className="setting"
        >
          <img
            alt="setting"
            className="icons"
            src="settings.png"
          />
        </span>
      </div>
    </div>
    <div
      className="banner"
    >
      <div
        className="covid-text"
      >
        COVID-19 WORLD UPDATES
      </div>
      <div
        className="img-container"
      >
        <img
          alt="covid"
          className="covid-img"
          src="covid.png"
        />
      </div>
    </div>
  </div>,
  <div
    className="search"
  >
    <input
      className="search-country-input"
      onChange={[Function]}
      placeholder="Search Country ..."
      type="search"
    />
  </div>,
  <div
    className="country-container"
  >
    <div
      className="country-flag-container"
    >
      <div
        className="country-name"
      >
        Afghanistan
      </div>
      <span
        className="country-flag"
      >
        <img
          alt="Afghanistan flag"
          src="https://disease.sh/assets/img/flags/af.png"
        />
      </span>
    </div>
    <div
      className="country-cases"
    >
      Critical:
      1124
    </div>
    <div
      className="country-active"
    >
      Active:
      10246
    </div>
    <div
      className="country-deaths"
    >
      Deaths:
      7723
    </div>
    <div
      className="country-recovered"
    >
      Today Cases:
      98
    </div>
  </div>,
]
`;
